// Jest Snapshot v1, https://goo.gl/fbAQLP

exports[`ConfirmBooking renders correctly with snapshot 1`] = `
<div
  className="flex flex-col items-center mb-4 mt-12 xs:max-w-[32rem] xs:mx-auto"
>
  <h4
    className="text-gold text-xl sm:text-2xl md:text-3xl mb-4 mt-6 mx-4"
  >
    Är du säker på att du vill avboka?
  </h4>
  <div
    className="flex flex-col w-5/6 xs:w-full justify-center xs:flex-row xs:items-end text-white xs:mb-6"
  >
    <img
      alt="poster of the movie: The Creator"
      className="w-[10rem] rounded-lg mx-auto xs:mx-0 mb-4 xs:mb-0"
      src="/img/theCreatorPoster.jpg"
    />
    <div
      className="hidden xs:flex flex-col gap-1 mt-4 xs:mb-0 "
    >
      <p
        className="text-md md:text-xl xs:ml-4"
      >
        The Creator
      </p>
      <p
        className="text-base md:text-lg xs:ml-4"
      >
        Söndag 24:e december
      </p>
      <p
        className="text-base md:text-lg xs:ml-4"
      >
        Klockan 
        21:00
      </p>
      <p
        className="text-base md:text-lg xs:ml-4"
      >
        BokningsNr: 
        9FA0HM
      </p>
    </div>
  </div>
  <div
    className="text-white w-4/6 xs:w-[21rem]"
  >
    <ul
      className="flex flex-col md:text-lg"
    >
      <div
        className="xs:hidden"
      >
        <li
          className="flex justify-between"
        >
           
          <p
            className="text-gold"
          >
            Film:
          </p>
           
          <p>
            The Creator
          </p>
        </li>
        <li
          className="flex justify-between"
        >
           
          <p
            className="text-gold"
          >
            BokningsNr:
          </p>
           
          <p>
            9FA0HM
          </p>
        </li>
        <li
          className="flex justify-between"
        >
           
          <p
            className="text-gold"
          >
            Datum:
          </p>
           
          <p>
            2023-12-24
          </p>
        </li>
        <li
          className="flex justify-between"
        >
           
          <p
            className="text-gold"
          >
            Tid:
          </p>
           
          <p>
            21:00
          </p>
        </li>
      </div>
      <li
        className="flex justify-between"
      >
         
        <p
          className="text-gold"
        >
          Salong:
        </p>
         
        <p>
          Stora Salongen
        </p>
      </li>
      <li
        className="flex justify-between"
      >
         
        <p
          className="text-gold"
        >
          Rad:
        </p>
         
        <p>
          8
        </p>
      </li>
      <li
        className="flex justify-between"
      >
         
        <p
          className="text-gold"
        >
          Plats:
        </p>
         
        <p>
          73, 
          74, 
          75, 
          76, 
          77, 
          78
        </p>
      </li>
      <li
        className="flex justify-between"
      >
         
        <p
          className="text-gold"
        >
          Pris:
        </p>
         
        <p>
          600
          kr
        </p>
      </li>
      <li
        className="flex justify-between"
      >
         
        <p
          className="text-gold mb-6"
        >
          Status:
        </p>
         
        <p>
          Bokad
        </p>
      </li>
      <li
        className="flex justify-evenly"
      >
         
        <button
          className=" text-lg rounded-md px-4 py-1 bg-red-600 text-white"
          onClick={[Function]}
        >
          Avboka
        </button>
        <button
          className="rounded-md text-lg px-4 py-1 bg-gold text-black"
          onClick={[Function]}
        >
          Tillbaka
        </button>
         
      </li>
    </ul>
  </div>
</div>
`;
